Env:
(0) ALLUSERSPROFILE=C:\ProgramData
(1) APPDATA=C:\Users\grant\AppData\Roaming
(2) ChocolateyInstall=C:\ProgramData\chocolatey
(3) ChocolateyLastPathUpdate=133795408632826817
(4) CHROME_CRASHPAD_PIPE_NAME=\\.\pipe\crashpad_17240_ZMEBXTSNWDTAUTVA
(5) CommonProgramFiles=C:\Program Files\Common Files
(6) CommonProgramFiles(x86)=C:\Program Files (x86)\Common Files
(7) CommonProgramW6432=C:\Program Files\Common Files
(8) CommonPropertyBagPath=C:\Users\grant\AppData\Local\Temp\csdevkit\55536057.json
(9) CommonPropertyBagWithConfigPath=C:\Users\grant\AppData\Local\Temp\csdevkit\e46fe0fd562b1770366529466.json
(10) COMPUTERNAME=BAKEDBEANS
(11) ComSpec=C:\WINDOWS\system32\cmd.exe
(12) DriverData=C:\Windows\System32\Drivers\DriverData
(13) EFC_12364_1262719628=1
(14) EFC_12364_1592913036=1
(15) EFC_12364_2283032206=1
(16) EFC_12364_2775293581=1
(17) EFC_12364_3789132940=1
(18) ELECTRON_RUN_AS_NODE=1
(19) GOMODCACHE=C:\Users\grant\go\pkg\mod
(20) GOPATH=C:\Users\grant\go
(21) GOPROXY=https://proxy.golang.org,direct
(22) GOTELEMETRY_GOPLS_CLIENT_START_TIME=1727325245
(23) GOTELEMETRY_GOPLS_CLIENT_TOKEN=287
(24) HOMEDRIVE=C:
(25) HOMEPATH=\Users\grant
(26) LOCALAPPDATA=C:\Users\grant\AppData\Local
(27) LOGONSERVER=\\BAKEDBEANS
(28) MAVEN=C:\Program Files\Apache\Maven\3.9.9\bin
(29) NUMBER_OF_PROCESSORS=32
(30) OneDrive=C:\Users\grant\OneDrive
(31) OS=Windows_NT
(32) PATHEXT=.COM;.EXE;.BAT;.CMD;.VBS;.VBE;.JS;.JSE;.WSF;.WSH;.MSC
(33) PROCESSOR_ARCHITECTURE=AMD64
(34) PROCESSOR_IDENTIFIER=Intel64 Family 6 Model 183 Stepping 1, GenuineIntel
(35) PROCESSOR_LEVEL=6
(36) PROCESSOR_REVISION=b701
(37) ProgramData=C:\ProgramData
(38) ProgramFiles=C:\Program Files
(39) ProgramFiles(x86)=C:\Program Files (x86)
(40) ProgramW6432=C:\Program Files
(41) PSModulePath=C:\Program Files\WindowsPowerShell\Modules;C:\WINDOWS\system32\WindowsPowerShell\v1.0\Modules
(42) PUBLIC=C:\Users\Public
(43) SESSIONNAME=Console
(44) SystemDrive=C:
(45) SystemRoot=C:\WINDOWS
(46) TEMP=C:\Users\grant\AppData\Local\Temp
(47) TMP=C:\Users\grant\AppData\Local\Temp
(48) USERDOMAIN=BAKEDBEANS
(49) USERDOMAIN_ROAMINGPROFILE=BAKEDBEANS
(50) USERNAME=grant
(51) USERPROFILE=C:\Users\grant
(52) VSCODE_CODE_CACHE_PATH=C:\Users\grant\AppData\Roaming\Code\CachedData\bdd88df003631aaa0bcbe057cb0a940b80a476fa
(53) VSCODE_CRASH_REPORTER_PROCESS_TYPE=extensionHost
(54) VSCODE_CWD=C:\Users\grant\AppData\Local\Programs\Microsoft VS Code
(55) VSCODE_DOTNET_INSTALL_TOOL_ORIGINAL_HOME=undefined
(56) VSCODE_ESM_ENTRYPOINT=vs/workbench/api/node/extensionHostProcess
(57) VSCODE_HANDLES_UNCAUGHT_ERRORS=true
(58) VSCODE_IPC_HOOK=\\.\pipe\92e72d3f-1.109.0-main-sock
(59) VSCODE_NLS_CONFIG={"userLocale":"en-us","osLocale":"en-us","resolvedLanguage":"en","defaultMessagesFile":"C:\\Users\\grant\\AppData\\Local\\Programs\\Microsoft VS Code\\bdd88df003\\resources\\app\\out\\nls.messages.json","locale":"en-us","availableLanguages":{}}
(60) VSCODE_PID=17240
(61) windir=C:\WINDOWS
(62) ZES_ENABLE_SYSMAN=1
(63) __PSLockDownPolicy=0
(64) PATH=C:\Program Files\Go\bin;C:\Program Files (x86)\Common Files\Oracle\Java\java8path;C:\Program Files (x86)\Common Files\Oracle\Java\javapath;C:\Program Files\OpenLogic\jdk-17.0.16.8-hotspot\bin;C:\Program Files\Apache\Maven\3.9.9\bin;C:\Program Files (x86)\OpenJDK\17.0.14\bin;C:\WINDOWS\system32;C:\WINDOWS;C:\WINDOWS\System32\Wbem;C:\WINDOWS\System32\WindowsPowerShell\v1.0\;C:\WINDOWS\System32\OpenSSH\;C:\Program Files\Git\cmd;C:\ProgramData\chocolatey\bin;C:\Program Files\NVIDIA Corporation\NVIDIA App\NvDLISR;C:\Program Files (x86)\NVIDIA Corporation\PhysX\Common;C:\Program Files\Go\bin;C:\Program Files\dotnet\;C:\Program Files\Microsoft SQL Server\170\Tools\Binn\;C:\Program Files\Microsoft SQL Server\Client SDK\ODBC\170\Tools\Binn\;C:\Program Files\nodejs\;C:\Users\grant\AppData\Local\Microsoft\WindowsApps;C:\Users\grant\AppData\Local\Programs\Microsoft VS Code\bin;C:\Users\grant\AppData\Local\GitHubDesktop\bin;C:\Users\grant\go\bin;C:\Users\grant\.dotnet\tools;C:\Users\grant\AppData\Roaming\npm
(65) PWD=c:\Data\Code\Gozer\cmd\driver
(0) ID = "unsafe"
(1) ID = "internal/cpu"
(2) ID = "math/bits"
(3) ID = "math"
